// Jest Snapshot v1, https://goo.gl/fbAQLP

exports[`Should Render router correctly 1`] = `
<div>
  <div
    class="sc-bdVaJa HAhlL"
    style="position: absolute; top: 50vh; bottom: 50vh; transform: translateX(20rem);"
  />
</div>
`;
